[debug] [2026-02-22T15:43:37.494Z] ----------------------------------------------------------------------
[debug] [2026-02-22T15:43:37.497Z] Command:       C:\Program Files\nodejs\node.exe C:\Users\harin\AppData\Roaming\npm\node_modules\firebase-tools\lib\bin\firebase.js deploy --only firestore:rules
[debug] [2026-02-22T15:43:37.498Z] CLI Version:   13.30.0
[debug] [2026-02-22T15:43:37.498Z] Platform:      win32
[debug] [2026-02-22T15:43:37.498Z] Node Version:  v22.18.0
[debug] [2026-02-22T15:43:37.498Z] Time:          Sun Feb 22 2026 21:13:37 GMT+0530 (India Standard Time)
[debug] [2026-02-22T15:43:37.499Z] ----------------------------------------------------------------------
[debug] 
[debug] [2026-02-22T15:43:37.503Z] >>> [apiv2][query] GET https://firebase-public.firebaseio.com/cli.json [none]
[error] 
[error] Error: Not in a Firebase app directory (could not locate firebase.json)
[debug] [2026-02-22T15:43:38.040Z] Error: EBUSY: resource busy or locked, unlink 'C:\Users\harin\OneDrive\Desktop\repos\Human-computer-interaction\firebase-debug.log'
    at Object.unlinkSync (node:fs:1952:11)
    at process.<anonymous> (C:\Users\harin\AppData\Roaming\npm\node_modules\firebase-tools\lib\bin\firebase.js:82:12)
    at process.emit (node:events:530:35)
    at process.exit (node:internal/process/per_thread:194:15)
    at Timeout._onTimeout (C:\Users\harin\AppData\Roaming\npm\node_modules\firebase-tools\lib\errorOut.js:20:17)
    at listOnTimeout (node:internal/timers:588:17)
    at process.processTimers (node:internal/timers:523:7)
[error] 
[error] Error: An unexpected error has occurred.
